   1              		.cpu cortex-m4
   2              		.arch armv7e-m
   3              		.fpu fpv4-sp-d16
   4              		.eabi_attribute 27, 1
   5              		.eabi_attribute 20, 1
   6              		.eabi_attribute 21, 1
   7              		.eabi_attribute 23, 3
   8              		.eabi_attribute 24, 1
   9              		.eabi_attribute 25, 1
  10              		.eabi_attribute 26, 1
  11              		.eabi_attribute 30, 2
  12              		.eabi_attribute 34, 1
  13              		.eabi_attribute 18, 4
  14              		.file	"HANcoder_E407_DYS_MP_data.c"
  15              		.text
  16              	.Ltext0:
  17              		.cfi_sections	.debug_frame
  18              		.global	rtConstB
  19              		.section	.rodata.rtConstB,"a"
  20              		.align	3
  23              	rtConstB:
  24 0000 00000000 		.word	0
  25 0004 00003A40 		.word	1077542912
  26 0008 00000000 		.word	0
  27 000c 00003A40 		.word	1077542912
  28 0010 00000000 		.word	0
  29 0014 00002440 		.word	1076101120
  30 0018 000000A0 		.word	-1610612736
  31 001c AAAA0A40 		.word	1074440874
  32 0020 00000000 		.word	0
  33 0024 00002440 		.word	1076101120
  34 0028 00000000 		.word	0
  35 002c 0000F03F 		.word	1072693248
  36 0030 0000     		.short	0
  37 0032 00       		.byte	0
  38 0033 00       		.byte	0
  39 0034 00       		.byte	0
  40 0035 000000   		.space	3
  41              		.text
  42              	.Letext0:
  43              		.file 1 "c:\\program files (x86)\\gnu arm embedded toolchain\\10 2021.10\\arm-none-eabi\\include\\
  44              		.file 2 "rtwtypes.h"
  45              		.file 3 "c:\\program files (x86)\\gnu arm embedded toolchain\\10 2021.10\\arm-none-eabi\\include\\
  46              		.file 4 "HANcoder_E407_DYS_MP.h"
  47              		.file 5 "HANcoder_E407_DYS_MP_data.c"
DEFINED SYMBOLS
                            *ABS*:00000000 HANcoder_E407_DYS_MP_data.c
C:\Users\joery\AppData\Local\Temp\ccfh1U1v.s:23     .rodata.rtConstB:00000000 rtConstB
C:\Users\joery\AppData\Local\Temp\ccfh1U1v.s:20     .rodata.rtConstB:00000000 $d

NO UNDEFINED SYMBOLS
